2025-12-21 11:27:10,491 | INFO | Method: GET     | Path: /docs                     | Status: 200 | Duration: 0.0009s
2025-12-21 11:27:10,913 | INFO | Method: GET     | Path: /openapi.json             | Status: 200 | Duration: 0.0668s
2025-12-21 11:28:23,846 | INFO | Method: POST    | Path: /auth/register            | Status: 400 | Duration: 1.0644s
2025-12-21 11:29:20,091 | INFO | Method: POST    | Path: /auth/register            | Status: 200 | Duration: 2.3199s
2025-12-21 11:34:39,395 | INFO | Method: POST    | Path: /auth/register            | Status: 400 | Duration: 0.1441s
2025-12-21 11:34:57,959 | INFO | Method: POST    | Path: /auth/register            | Status: 200 | Duration: 2.0805s
2025-12-21 11:36:22,618 | INFO | Method: POST    | Path: /auth/register            | Status: 400 | Duration: 0.1196s
2025-12-21 11:46:32,478 | INFO | Method: POST    | Path: /auth/register            | Status: 200 | Duration: 2.1679s
2025-12-21 12:02:16,901 | INFO | Method: POST    | Path: /auth/token               | Status: 400 | Duration: 0.5495s
2025-12-21 12:02:29,081 | INFO | Method: POST    | Path: /auth/token               | Status: 200 | Duration: 0.4977s
2025-12-21 12:07:34,317 | INFO | Method: POST    | Path: /auth/token               | Status: 500 | Duration: 0.1310s
2025-12-21 12:11:00,814 | INFO | Method: POST    | Path: /auth/token               | Status: 500 | Duration: 0.0964s
2025-12-21 12:15:19,801 | INFO | Method: POST    | Path: /auth/token               | Status: 500 | Duration: 0.1359s
2025-12-21 12:18:07,581 | INFO | Method: POST    | Path: /auth/token               | Status: 500 | Duration: 0.1396s
2025-12-21 13:58:51,119 | INFO | Method: POST    | Path: /auth/token               | Status: 500 | Duration: 0.1015s
2025-12-21 14:02:17,063 | INFO | Method: POST    | Path: /auth/token               | Status: 500 | Duration: 0.1208s
2025-12-21 14:02:41,220 | INFO | Method: POST    | Path: /auth/token               | Status: 500 | Duration: 0.1242s
2025-12-21 14:03:05,475 | INFO | Method: POST    | Path: /auth/token               | Status: 200 | Duration: 0.6766s
2025-12-22 05:38:16,611 | INFO | Method: POST    | Path: /auth/refresh             | Status: 400 | Duration: 0.3489s
2025-12-22 05:38:16,628 | INFO | Method: POST    | Path: /auth/refresh             | Status: 400 | Duration: 0.3643s
2025-12-22 05:38:28,953 | INFO | Method: POST    | Path: /auth/token               | Status: 200 | Duration: 3.0078s
2025-12-22 05:38:29,422 | INFO | Method: GET     | Path: /tasks                    | Status: 307 | Duration: 0.0005s
2025-12-22 05:38:29,426 | INFO | Method: GET     | Path: /tasks                    | Status: 307 | Duration: 0.0005s
2025-12-22 05:38:29,498 | INFO | Method: POST    | Path: /plans/                   | Status: 200 | Duration: 0.3376s
2025-12-22 05:38:29,577 | INFO | Method: GET     | Path: /tasks/                   | Status: 500 | Duration: 0.0049s
2025-12-22 05:38:29,583 | INFO | Method: GET     | Path: /tasks/                   | Status: 500 | Duration: 0.0039s
2025-12-22 05:38:29,597 | INFO | Method: POST    | Path: /plans/                   | Status: 200 | Duration: 0.4281s
2025-12-22 05:38:32,519 | INFO | Method: GET     | Path: /tasks                    | Status: 307 | Duration: 0.0006s
2025-12-22 05:38:32,523 | INFO | Method: GET     | Path: /tasks                    | Status: 307 | Duration: 0.0010s
2025-12-22 05:38:32,528 | INFO | Method: GET     | Path: /tasks                    | Status: 307 | Duration: 0.0010s
2025-12-22 05:38:32,536 | INFO | Method: GET     | Path: /tasks/                   | Status: 500 | Duration: 0.0056s
2025-12-22 05:38:32,538 | INFO | Method: GET     | Path: /tasks                    | Status: 307 | Duration: 0.0021s
2025-12-22 05:38:32,544 | INFO | Method: GET     | Path: /tasks/                   | Status: 500 | Duration: 0.0041s
2025-12-22 05:38:32,564 | INFO | Method: GET     | Path: /tasks/                   | Status: 500 | Duration: 0.0045s
2025-12-22 05:38:32,574 | INFO | Method: GET     | Path: /tasks/                   | Status: 500 | Duration: 0.0049s
2025-12-22 05:38:32,666 | INFO | Method: GET     | Path: /tasks                    | Status: 307 | Duration: 0.0003s
2025-12-22 05:38:32,675 | INFO | Method: GET     | Path: /tasks/                   | Status: 500 | Duration: 0.0018s
2025-12-22 05:38:32,691 | INFO | Method: GET     | Path: /tasks                    | Status: 307 | Duration: 0.0004s
2025-12-22 05:38:32,701 | INFO | Method: GET     | Path: /tasks/                   | Status: 500 | Duration: 0.0020s
2025-12-22 05:38:32,757 | INFO | Method: GET     | Path: /tasks                    | Status: 307 | Duration: 0.0003s
2025-12-22 05:38:32,767 | INFO | Method: GET     | Path: /tasks/                   | Status: 500 | Duration: 0.0022s
2025-12-22 05:38:32,839 | INFO | Method: GET     | Path: /tasks                    | Status: 307 | Duration: 0.0004s
2025-12-22 05:38:32,849 | INFO | Method: GET     | Path: /tasks/                   | Status: 500 | Duration: 0.0023s
2025-12-22 05:38:32,866 | INFO | Method: GET     | Path: /tasks                    | Status: 307 | Duration: 0.0004s
2025-12-22 05:38:32,877 | INFO | Method: GET     | Path: /tasks/                   | Status: 500 | Duration: 0.0019s
2025-12-22 05:38:32,956 | INFO | Method: GET     | Path: /tasks                    | Status: 307 | Duration: 0.0004s
2025-12-22 05:38:32,972 | INFO | Method: GET     | Path: /tasks/                   | Status: 500 | Duration: 0.0031s
2025-12-22 05:38:33,032 | INFO | Method: GET     | Path: /tasks                    | Status: 307 | Duration: 0.0008s
2025-12-22 05:38:33,048 | INFO | Method: GET     | Path: /tasks/                   | Status: 500 | Duration: 0.0020s
2025-12-22 05:38:33,106 | INFO | Method: GET     | Path: /tasks                    | Status: 307 | Duration: 0.0008s
2025-12-22 05:38:33,118 | INFO | Method: GET     | Path: /tasks/                   | Status: 500 | Duration: 0.0027s
2025-12-22 05:38:33,176 | INFO | Method: GET     | Path: /tasks                    | Status: 307 | Duration: 0.0006s
2025-12-22 05:38:33,192 | INFO | Method: GET     | Path: /tasks/                   | Status: 500 | Duration: 0.0029s
2025-12-22 05:38:33,255 | INFO | Method: GET     | Path: /tasks                    | Status: 307 | Duration: 0.0004s
2025-12-22 05:38:33,264 | INFO | Method: GET     | Path: /tasks/                   | Status: 500 | Duration: 0.0021s
2025-12-22 05:38:33,324 | INFO | Method: GET     | Path: /tasks                    | Status: 307 | Duration: 0.0005s
2025-12-22 05:38:33,342 | INFO | Method: GET     | Path: /tasks/                   | Status: 500 | Duration: 0.0034s
2025-12-22 05:38:33,406 | INFO | Method: GET     | Path: /tasks                    | Status: 307 | Duration: 0.0004s
2025-12-22 05:38:33,417 | INFO | Method: GET     | Path: /tasks/                   | Status: 500 | Duration: 0.0022s
2025-12-22 05:38:33,488 | INFO | Method: GET     | Path: /tasks                    | Status: 307 | Duration: 0.0003s
2025-12-22 05:38:33,499 | INFO | Method: GET     | Path: /tasks/                   | Status: 500 | Duration: 0.0029s
2025-12-22 05:38:33,556 | INFO | Method: GET     | Path: /tasks                    | Status: 307 | Duration: 0.0004s
2025-12-22 05:38:33,569 | INFO | Method: GET     | Path: /tasks/                   | Status: 500 | Duration: 0.0030s
2025-12-22 05:38:33,640 | INFO | Method: GET     | Path: /tasks                    | Status: 307 | Duration: 0.0003s
2025-12-22 05:38:33,651 | INFO | Method: GET     | Path: /tasks/                   | Status: 500 | Duration: 0.0030s
2025-12-22 05:38:33,709 | INFO | Method: GET     | Path: /tasks                    | Status: 307 | Duration: 0.0008s
2025-12-22 05:38:33,726 | INFO | Method: GET     | Path: /tasks/                   | Status: 500 | Duration: 0.0025s
2025-12-22 05:38:33,790 | INFO | Method: GET     | Path: /tasks                    | Status: 307 | Duration: 0.0004s
2025-12-22 05:38:33,801 | INFO | Method: GET     | Path: /tasks/                   | Status: 500 | Duration: 0.0031s
2025-12-22 05:38:33,875 | INFO | Method: GET     | Path: /tasks                    | Status: 307 | Duration: 0.0009s
2025-12-22 05:38:33,893 | INFO | Method: GET     | Path: /tasks/                   | Status: 500 | Duration: 0.0043s
2025-12-22 05:38:33,954 | INFO | Method: GET     | Path: /tasks                    | Status: 307 | Duration: 0.0004s
2025-12-22 05:38:34,044 | INFO | Method: GET     | Path: /tasks/                   | Status: 500 | Duration: 0.0025s
2025-12-22 05:38:34,074 | INFO | Method: GET     | Path: /tasks                    | Status: 307 | Duration: 0.0007s
2025-12-22 05:38:34,088 | INFO | Method: GET     | Path: /tasks/                   | Status: 500 | Duration: 0.0030s
2025-12-22 05:38:34,156 | INFO | Method: GET     | Path: /tasks                    | Status: 307 | Duration: 0.0003s
2025-12-22 05:38:34,169 | INFO | Method: GET     | Path: /tasks/                   | Status: 500 | Duration: 0.0035s
2025-12-22 05:38:34,239 | INFO | Method: GET     | Path: /tasks                    | Status: 307 | Duration: 0.0004s
2025-12-22 05:38:34,248 | INFO | Method: GET     | Path: /tasks/                   | Status: 500 | Duration: 0.0018s
2025-12-22 05:38:34,308 | INFO | Method: GET     | Path: /tasks                    | Status: 307 | Duration: 0.0004s
2025-12-22 05:38:34,320 | INFO | Method: GET     | Path: /tasks/                   | Status: 500 | Duration: 0.0034s
2025-12-22 05:38:34,389 | INFO | Method: GET     | Path: /tasks                    | Status: 307 | Duration: 0.0004s
2025-12-22 05:38:34,403 | INFO | Method: GET     | Path: /tasks/                   | Status: 500 | Duration: 0.0037s
2025-12-22 05:38:34,475 | INFO | Method: GET     | Path: /tasks                    | Status: 307 | Duration: 0.0007s
2025-12-22 05:38:34,491 | INFO | Method: GET     | Path: /tasks/                   | Status: 500 | Duration: 0.0035s
2025-12-22 05:38:34,558 | INFO | Method: GET     | Path: /tasks                    | Status: 307 | Duration: 0.0006s
2025-12-22 05:38:34,571 | INFO | Method: GET     | Path: /tasks/                   | Status: 500 | Duration: 0.0046s
2025-12-22 05:38:34,639 | INFO | Method: GET     | Path: /tasks                    | Status: 307 | Duration: 0.0003s
2025-12-22 05:38:34,649 | INFO | Method: GET     | Path: /tasks/                   | Status: 500 | Duration: 0.0026s
2025-12-22 05:38:34,708 | INFO | Method: GET     | Path: /tasks                    | Status: 307 | Duration: 0.0006s
2025-12-22 05:38:34,723 | INFO | Method: GET     | Path: /tasks/                   | Status: 500 | Duration: 0.0033s
2025-12-22 05:38:34,787 | INFO | Method: GET     | Path: /tasks                    | Status: 307 | Duration: 0.0003s
2025-12-22 05:38:34,798 | INFO | Method: GET     | Path: /tasks/                   | Status: 500 | Duration: 0.0023s
2025-12-22 05:38:34,856 | INFO | Method: GET     | Path: /tasks                    | Status: 307 | Duration: 0.0005s
2025-12-22 05:38:34,869 | INFO | Method: GET     | Path: /tasks/                   | Status: 500 | Duration: 0.0042s
2025-12-22 05:38:34,937 | INFO | Method: GET     | Path: /tasks                    | Status: 307 | Duration: 0.0003s
2025-12-22 05:38:34,948 | INFO | Method: GET     | Path: /tasks/                   | Status: 500 | Duration: 0.0018s
2025-12-22 05:38:35,006 | INFO | Method: GET     | Path: /tasks                    | Status: 307 | Duration: 0.0003s
2025-12-22 05:38:35,015 | INFO | Method: GET     | Path: /tasks/                   | Status: 500 | Duration: 0.0019s
2025-12-22 05:38:35,074 | INFO | Method: GET     | Path: /tasks                    | Status: 307 | Duration: 0.0005s
2025-12-22 05:38:35,088 | INFO | Method: GET     | Path: /tasks/                   | Status: 500 | Duration: 0.0032s
2025-12-22 05:38:35,155 | INFO | Method: GET     | Path: /tasks                    | Status: 307 | Duration: 0.0005s
2025-12-22 05:38:35,167 | INFO | Method: GET     | Path: /tasks/                   | Status: 500 | Duration: 0.0027s
2025-12-22 05:38:35,242 | INFO | Method: GET     | Path: /tasks                    | Status: 307 | Duration: 0.0004s
2025-12-22 05:38:35,256 | INFO | Method: GET     | Path: /tasks/                   | Status: 500 | Duration: 0.0040s
2025-12-22 05:38:35,321 | INFO | Method: GET     | Path: /tasks                    | Status: 307 | Duration: 0.0003s
2025-12-22 05:38:35,330 | INFO | Method: GET     | Path: /tasks/                   | Status: 500 | Duration: 0.0018s
2025-12-22 05:38:35,389 | INFO | Method: GET     | Path: /tasks                    | Status: 307 | Duration: 0.0004s
2025-12-22 05:38:35,400 | INFO | Method: GET     | Path: /tasks/                   | Status: 500 | Duration: 0.0022s
2025-12-22 05:38:35,475 | INFO | Method: GET     | Path: /tasks                    | Status: 307 | Duration: 0.0007s
2025-12-22 05:38:35,492 | INFO | Method: GET     | Path: /tasks/                   | Status: 500 | Duration: 0.0023s
2025-12-22 05:38:35,559 | INFO | Method: GET     | Path: /tasks                    | Status: 307 | Duration: 0.0008s
2025-12-22 05:38:35,576 | INFO | Method: GET     | Path: /tasks/                   | Status: 500 | Duration: 0.0037s
2025-12-22 05:38:35,640 | INFO | Method: GET     | Path: /tasks                    | Status: 307 | Duration: 0.0006s
2025-12-22 05:38:35,653 | INFO | Method: GET     | Path: /tasks/                   | Status: 500 | Duration: 0.0026s
2025-12-22 05:38:35,711 | INFO | Method: GET     | Path: /tasks                    | Status: 307 | Duration: 0.0010s
2025-12-22 05:38:35,737 | INFO | Method: GET     | Path: /tasks/                   | Status: 500 | Duration: 0.0034s
2025-12-22 05:38:35,807 | INFO | Method: GET     | Path: /tasks                    | Status: 307 | Duration: 0.0003s
2025-12-22 05:38:35,816 | INFO | Method: GET     | Path: /tasks/                   | Status: 500 | Duration: 0.0026s
2025-12-22 05:38:35,870 | INFO | Method: GET     | Path: /tasks                    | Status: 307 | Duration: 0.0005s
2025-12-22 05:38:35,879 | INFO | Method: GET     | Path: /tasks/                   | Status: 500 | Duration: 0.0020s
2025-12-22 05:38:35,937 | INFO | Method: GET     | Path: /tasks                    | Status: 307 | Duration: 0.0004s
2025-12-22 05:38:35,948 | INFO | Method: GET     | Path: /tasks/                   | Status: 500 | Duration: 0.0023s
2025-12-22 05:38:36,005 | INFO | Method: GET     | Path: /tasks                    | Status: 307 | Duration: 0.0004s
2025-12-22 05:38:36,013 | INFO | Method: GET     | Path: /tasks/                   | Status: 500 | Duration: 0.0018s
2025-12-22 05:38:36,072 | INFO | Method: GET     | Path: /tasks                    | Status: 307 | Duration: 0.0003s
2025-12-22 05:38:36,081 | INFO | Method: GET     | Path: /tasks/                   | Status: 500 | Duration: 0.0019s
2025-12-22 05:38:36,138 | INFO | Method: GET     | Path: /tasks                    | Status: 307 | Duration: 0.0004s
2025-12-22 05:38:36,151 | INFO | Method: GET     | Path: /tasks/                   | Status: 500 | Duration: 0.0034s
2025-12-22 05:38:36,222 | INFO | Method: GET     | Path: /tasks                    | Status: 307 | Duration: 0.0005s
2025-12-22 05:38:36,231 | INFO | Method: GET     | Path: /tasks/                   | Status: 500 | Duration: 0.0018s
2025-12-22 05:38:36,289 | INFO | Method: GET     | Path: /tasks                    | Status: 307 | Duration: 0.0006s
2025-12-22 05:38:36,304 | INFO | Method: GET     | Path: /tasks/                   | Status: 500 | Duration: 0.0039s
2025-12-22 05:38:36,375 | INFO | Method: GET     | Path: /tasks                    | Status: 307 | Duration: 0.0009s
2025-12-22 05:38:36,389 | INFO | Method: GET     | Path: /tasks/                   | Status: 500 | Duration: 0.0037s
2025-12-22 05:38:36,458 | INFO | Method: GET     | Path: /tasks                    | Status: 307 | Duration: 0.0007s
2025-12-22 05:38:36,472 | INFO | Method: GET     | Path: /tasks/                   | Status: 500 | Duration: 0.0037s
2025-12-22 05:38:36,540 | INFO | Method: GET     | Path: /tasks                    | Status: 307 | Duration: 0.0003s
2025-12-22 05:38:36,550 | INFO | Method: GET     | Path: /tasks/                   | Status: 500 | Duration: 0.0022s
2025-12-22 05:38:36,607 | INFO | Method: GET     | Path: /tasks                    | Status: 307 | Duration: 0.0007s
2025-12-22 05:38:36,618 | INFO | Method: GET     | Path: /tasks/                   | Status: 500 | Duration: 0.0025s
2025-12-22 05:38:36,690 | INFO | Method: GET     | Path: /tasks                    | Status: 307 | Duration: 0.0007s
2025-12-22 05:38:36,704 | INFO | Method: GET     | Path: /tasks/                   | Status: 500 | Duration: 0.0031s
2025-12-22 05:38:36,770 | INFO | Method: GET     | Path: /tasks                    | Status: 307 | Duration: 0.0003s
2025-12-22 05:38:36,779 | INFO | Method: GET     | Path: /tasks/                   | Status: 500 | Duration: 0.0016s
2025-12-22 05:38:36,839 | INFO | Method: GET     | Path: /tasks                    | Status: 307 | Duration: 0.0004s
2025-12-22 05:38:36,850 | INFO | Method: GET     | Path: /tasks/                   | Status: 500 | Duration: 0.0028s
2025-12-22 05:38:36,923 | INFO | Method: GET     | Path: /tasks                    | Status: 307 | Duration: 0.0003s
2025-12-22 05:38:36,935 | INFO | Method: GET     | Path: /tasks/                   | Status: 500 | Duration: 0.0033s
2025-12-22 05:38:37,009 | INFO | Method: GET     | Path: /tasks                    | Status: 307 | Duration: 0.0005s
2025-12-22 05:38:37,019 | INFO | Method: GET     | Path: /tasks/                   | Status: 500 | Duration: 0.0032s
2025-12-22 05:38:37,090 | INFO | Method: GET     | Path: /tasks                    | Status: 307 | Duration: 0.0006s
2025-12-22 05:38:37,107 | INFO | Method: GET     | Path: /tasks/                   | Status: 500 | Duration: 0.0022s
2025-12-22 05:38:37,173 | INFO | Method: GET     | Path: /tasks                    | Status: 307 | Duration: 0.0004s
2025-12-22 05:38:37,190 | INFO | Method: GET     | Path: /tasks/                   | Status: 500 | Duration: 0.0044s
2025-12-22 05:38:37,255 | INFO | Method: GET     | Path: /tasks                    | Status: 307 | Duration: 0.0003s
2025-12-22 05:38:37,263 | INFO | Method: GET     | Path: /tasks/                   | Status: 500 | Duration: 0.0019s
2025-12-22 05:38:37,320 | INFO | Method: GET     | Path: /tasks                    | Status: 307 | Duration: 0.0006s
2025-12-22 05:38:37,329 | INFO | Method: GET     | Path: /tasks/                   | Status: 500 | Duration: 0.0020s
2025-12-22 05:38:37,387 | INFO | Method: GET     | Path: /tasks                    | Status: 307 | Duration: 0.0003s
2025-12-22 05:38:37,397 | INFO | Method: GET     | Path: /tasks/                   | Status: 500 | Duration: 0.0020s
2025-12-22 05:38:37,454 | INFO | Method: GET     | Path: /tasks                    | Status: 307 | Duration: 0.0008s
2025-12-22 05:38:37,463 | INFO | Method: GET     | Path: /tasks/                   | Status: 500 | Duration: 0.0019s
2025-12-22 05:38:37,521 | INFO | Method: GET     | Path: /tasks                    | Status: 307 | Duration: 0.0004s
2025-12-22 05:38:37,530 | INFO | Method: GET     | Path: /tasks/                   | Status: 500 | Duration: 0.0018s
2025-12-22 05:38:37,590 | INFO | Method: GET     | Path: /tasks                    | Status: 307 | Duration: 0.0006s
2025-12-22 05:38:37,604 | INFO | Method: GET     | Path: /tasks/                   | Status: 500 | Duration: 0.0039s
2025-12-22 05:38:37,675 | INFO | Method: GET     | Path: /tasks                    | Status: 307 | Duration: 0.0010s
2025-12-22 05:38:37,692 | INFO | Method: GET     | Path: /tasks/                   | Status: 500 | Duration: 0.0047s
2025-12-22 05:38:37,755 | INFO | Method: GET     | Path: /tasks                    | Status: 307 | Duration: 0.0005s
2025-12-22 05:38:37,765 | INFO | Method: GET     | Path: /tasks/                   | Status: 500 | Duration: 0.0025s
2025-12-22 05:38:37,838 | INFO | Method: GET     | Path: /tasks                    | Status: 307 | Duration: 0.0005s
2025-12-22 05:38:37,854 | INFO | Method: GET     | Path: /tasks/                   | Status: 500 | Duration: 0.0032s
2025-12-22 05:38:37,924 | INFO | Method: GET     | Path: /tasks                    | Status: 307 | Duration: 0.0005s
2025-12-22 05:38:37,934 | INFO | Method: GET     | Path: /tasks/                   | Status: 500 | Duration: 0.0028s
2025-12-22 05:38:38,004 | INFO | Method: GET     | Path: /tasks                    | Status: 307 | Duration: 0.0004s
2025-12-22 05:38:38,013 | INFO | Method: GET     | Path: /tasks/                   | Status: 500 | Duration: 0.0023s
2025-12-22 05:38:38,070 | INFO | Method: GET     | Path: /tasks                    | Status: 307 | Duration: 0.0003s
2025-12-22 05:38:38,081 | INFO | Method: GET     | Path: /tasks/                   | Status: 500 | Duration: 0.0034s
2025-12-22 05:38:38,138 | INFO | Method: GET     | Path: /tasks                    | Status: 307 | Duration: 0.0005s
2025-12-22 05:38:38,148 | INFO | Method: GET     | Path: /tasks/                   | Status: 500 | Duration: 0.0027s
2025-12-22 05:38:38,203 | INFO | Method: GET     | Path: /tasks                    | Status: 307 | Duration: 0.0005s
2025-12-22 05:38:38,222 | INFO | Method: GET     | Path: /tasks/                   | Status: 500 | Duration: 0.0043s
2025-12-22 05:38:38,289 | INFO | Method: GET     | Path: /tasks                    | Status: 307 | Duration: 0.0004s
2025-12-22 05:38:38,299 | INFO | Method: GET     | Path: /tasks/                   | Status: 500 | Duration: 0.0026s
2025-12-22 05:38:38,353 | INFO | Method: GET     | Path: /tasks                    | Status: 307 | Duration: 0.0006s
2025-12-22 05:38:38,367 | INFO | Method: GET     | Path: /tasks/                   | Status: 500 | Duration: 0.0028s
2025-12-22 05:38:38,439 | INFO | Method: GET     | Path: /tasks                    | Status: 307 | Duration: 0.0003s
2025-12-22 05:38:38,449 | INFO | Method: GET     | Path: /tasks/                   | Status: 500 | Duration: 0.0029s
2025-12-22 05:38:38,524 | INFO | Method: GET     | Path: /tasks                    | Status: 307 | Duration: 0.0008s
2025-12-22 05:38:38,542 | INFO | Method: GET     | Path: /tasks/                   | Status: 500 | Duration: 0.0031s
2025-12-22 05:38:38,606 | INFO | Method: GET     | Path: /tasks                    | Status: 307 | Duration: 0.0005s
2025-12-22 05:38:38,619 | INFO | Method: GET     | Path: /tasks/                   | Status: 500 | Duration: 0.0027s
2025-12-22 05:38:38,690 | INFO | Method: GET     | Path: /tasks                    | Status: 307 | Duration: 0.0005s
2025-12-22 05:38:38,705 | INFO | Method: GET     | Path: /tasks/                   | Status: 500 | Duration: 0.0035s
2025-12-22 05:38:38,770 | INFO | Method: GET     | Path: /tasks                    | Status: 307 | Duration: 0.0002s
2025-12-22 05:38:38,779 | INFO | Method: GET     | Path: /tasks/                   | Status: 500 | Duration: 0.0019s
2025-12-22 05:38:38,839 | INFO | Method: GET     | Path: /tasks                    | Status: 307 | Duration: 0.0006s
2025-12-22 05:38:38,851 | INFO | Method: GET     | Path: /tasks/                   | Status: 500 | Duration: 0.0035s
2025-12-22 05:38:38,924 | INFO | Method: GET     | Path: /tasks                    | Status: 307 | Duration: 0.0011s
2025-12-22 05:38:38,938 | INFO | Method: GET     | Path: /tasks/                   | Status: 500 | Duration: 0.0037s
2025-12-22 05:38:39,005 | INFO | Method: GET     | Path: /tasks                    | Status: 307 | Duration: 0.0004s
2025-12-22 05:38:39,013 | INFO | Method: GET     | Path: /tasks/                   | Status: 500 | Duration: 0.0018s
2025-12-22 05:38:39,070 | INFO | Method: GET     | Path: /tasks                    | Status: 307 | Duration: 0.0003s
2025-12-22 05:38:39,079 | INFO | Method: GET     | Path: /tasks/                   | Status: 500 | Duration: 0.0020s
2025-12-22 05:38:39,138 | INFO | Method: GET     | Path: /tasks                    | Status: 307 | Duration: 0.0004s
2025-12-22 05:38:39,147 | INFO | Method: GET     | Path: /tasks/                   | Status: 500 | Duration: 0.0019s
2025-12-22 05:38:39,204 | INFO | Method: GET     | Path: /tasks                    | Status: 307 | Duration: 0.0004s
2025-12-22 05:38:39,212 | INFO | Method: GET     | Path: /tasks/                   | Status: 500 | Duration: 0.0018s
2025-12-22 05:38:39,273 | INFO | Method: GET     | Path: /tasks                    | Status: 307 | Duration: 0.0006s
2025-12-22 05:38:39,288 | INFO | Method: GET     | Path: /tasks/                   | Status: 500 | Duration: 0.0034s
2025-12-22 05:38:39,346 | INFO | Method: GET     | Path: /tasks                    | Status: 307 | Duration: 0.0007s
2025-12-22 05:38:39,357 | INFO | Method: GET     | Path: /tasks/                   | Status: 500 | Duration: 0.0027s
2025-12-22 05:38:39,420 | INFO | Method: GET     | Path: /tasks                    | Status: 307 | Duration: 0.0004s
2025-12-22 05:38:39,430 | INFO | Method: GET     | Path: /tasks/                   | Status: 500 | Duration: 0.0021s
2025-12-22 05:38:39,488 | INFO | Method: GET     | Path: /tasks                    | Status: 307 | Duration: 0.0003s
2025-12-22 05:38:39,497 | INFO | Method: GET     | Path: /tasks/                   | Status: 500 | Duration: 0.0022s
2025-12-22 05:38:39,572 | INFO | Method: GET     | Path: /tasks                    | Status: 307 | Duration: 0.0004s
2025-12-22 05:38:39,581 | INFO | Method: GET     | Path: /tasks/                   | Status: 500 | Duration: 0.0021s
2025-12-22 05:38:39,655 | INFO | Method: GET     | Path: /tasks                    | Status: 307 | Duration: 0.0003s
2025-12-22 05:38:39,664 | INFO | Method: GET     | Path: /tasks/                   | Status: 500 | Duration: 0.0022s
2025-12-22 05:38:39,721 | INFO | Method: GET     | Path: /tasks                    | Status: 307 | Duration: 0.0005s
2025-12-22 05:38:39,736 | INFO | Method: GET     | Path: /tasks/                   | Status: 500 | Duration: 0.0054s
2025-12-22 05:38:39,802 | INFO | Method: GET     | Path: /tasks                    | Status: 307 | Duration: 0.0003s
2025-12-22 05:38:39,811 | INFO | Method: GET     | Path: /tasks/                   | Status: 500 | Duration: 0.0017s
2025-12-22 05:38:39,876 | INFO | Method: GET     | Path: /tasks                    | Status: 307 | Duration: 0.0003s
2025-12-22 05:38:39,891 | INFO | Method: GET     | Path: /tasks/                   | Status: 500 | Duration: 0.0027s
2025-12-22 05:38:39,953 | INFO | Method: GET     | Path: /tasks                    | Status: 307 | Duration: 0.0003s
2025-12-22 05:38:39,962 | INFO | Method: GET     | Path: /tasks/                   | Status: 500 | Duration: 0.0018s
2025-12-22 05:38:40,018 | INFO | Method: GET     | Path: /tasks                    | Status: 307 | Duration: 0.0004s
2025-12-22 05:38:40,027 | INFO | Method: GET     | Path: /tasks/                   | Status: 500 | Duration: 0.0020s
2025-12-22 05:38:40,087 | INFO | Method: GET     | Path: /tasks                    | Status: 307 | Duration: 0.0004s
2025-12-22 05:38:40,097 | INFO | Method: GET     | Path: /tasks/                   | Status: 500 | Duration: 0.0018s
2025-12-22 05:38:40,152 | INFO | Method: GET     | Path: /tasks                    | Status: 307 | Duration: 0.0003s
2025-12-22 05:38:40,162 | INFO | Method: GET     | Path: /tasks/                   | Status: 500 | Duration: 0.0027s
2025-12-22 05:38:40,221 | INFO | Method: GET     | Path: /tasks                    | Status: 307 | Duration: 0.0006s
2025-12-22 05:38:40,237 | INFO | Method: GET     | Path: /tasks/                   | Status: 500 | Duration: 0.0031s
2025-12-22 05:38:40,304 | INFO | Method: GET     | Path: /tasks                    | Status: 307 | Duration: 0.0004s
2025-12-22 05:38:40,313 | INFO | Method: GET     | Path: /tasks/                   | Status: 500 | Duration: 0.0018s
2025-12-22 05:38:40,370 | INFO | Method: GET     | Path: /tasks                    | Status: 307 | Duration: 0.0004s
2025-12-22 05:38:40,381 | INFO | Method: GET     | Path: /tasks/                   | Status: 500 | Duration: 0.0025s
2025-12-22 05:38:40,443 | INFO | Method: GET     | Path: /tasks                    | Status: 307 | Duration: 0.0005s
2025-12-22 05:38:40,455 | INFO | Method: GET     | Path: /tasks/                   | Status: 500 | Duration: 0.0041s
2025-12-22 05:38:40,526 | INFO | Method: GET     | Path: /tasks                    | Status: 307 | Duration: 0.0005s
2025-12-22 05:38:40,536 | INFO | Method: GET     | Path: /tasks/                   | Status: 500 | Duration: 0.0023s
2025-12-22 05:38:40,603 | INFO | Method: GET     | Path: /tasks                    | Status: 307 | Duration: 0.0005s
2025-12-22 05:38:40,611 | INFO | Method: GET     | Path: /tasks/                   | Status: 500 | Duration: 0.0017s
2025-12-22 05:38:40,669 | INFO | Method: GET     | Path: /tasks                    | Status: 307 | Duration: 0.0004s
2025-12-22 05:38:40,679 | INFO | Method: GET     | Path: /tasks/                   | Status: 500 | Duration: 0.0018s
2025-12-22 05:38:40,737 | INFO | Method: GET     | Path: /tasks                    | Status: 307 | Duration: 0.0006s
2025-12-22 05:38:40,749 | INFO | Method: GET     | Path: /tasks/                   | Status: 500 | Duration: 0.0029s
2025-12-22 05:38:40,820 | INFO | Method: GET     | Path: /tasks                    | Status: 307 | Duration: 0.0005s
2025-12-22 05:38:40,831 | INFO | Method: GET     | Path: /tasks/                   | Status: 500 | Duration: 0.0030s
2025-12-22 05:38:40,888 | INFO | Method: GET     | Path: /tasks                    | Status: 307 | Duration: 0.0004s
2025-12-22 05:38:40,901 | INFO | Method: GET     | Path: /tasks/                   | Status: 500 | Duration: 0.0035s
2025-12-22 05:38:40,970 | INFO | Method: GET     | Path: /tasks                    | Status: 307 | Duration: 0.0003s
2025-12-22 05:38:40,979 | INFO | Method: GET     | Path: /tasks/                   | Status: 500 | Duration: 0.0018s
2025-12-22 05:38:41,036 | INFO | Method: GET     | Path: /tasks                    | Status: 307 | Duration: 0.0005s
2025-12-22 05:38:41,047 | INFO | Method: GET     | Path: /tasks/                   | Status: 500 | Duration: 0.0018s
2025-12-22 05:38:41,102 | INFO | Method: GET     | Path: /tasks                    | Status: 307 | Duration: 0.0004s
2025-12-22 05:38:41,113 | INFO | Method: GET     | Path: /tasks/                   | Status: 500 | Duration: 0.0023s
2025-12-22 05:38:41,169 | INFO | Method: GET     | Path: /tasks                    | Status: 307 | Duration: 0.0004s
2025-12-22 05:38:41,177 | INFO | Method: GET     | Path: /tasks/                   | Status: 500 | Duration: 0.0017s
2025-12-22 05:38:41,238 | INFO | Method: GET     | Path: /tasks                    | Status: 307 | Duration: 0.0004s
2025-12-22 05:38:41,249 | INFO | Method: GET     | Path: /tasks/                   | Status: 500 | Duration: 0.0027s
2025-12-22 05:38:41,321 | INFO | Method: GET     | Path: /tasks                    | Status: 307 | Duration: 0.0005s
2025-12-22 05:38:41,333 | INFO | Method: GET     | Path: /tasks/                   | Status: 500 | Duration: 0.0026s
2025-12-22 05:38:41,404 | INFO | Method: GET     | Path: /tasks                    | Status: 307 | Duration: 0.0004s
2025-12-22 05:38:41,417 | INFO | Method: GET     | Path: /tasks/                   | Status: 500 | Duration: 0.0037s
2025-12-22 05:38:41,487 | INFO | Method: GET     | Path: /tasks                    | Status: 307 | Duration: 0.0004s
2025-12-22 05:38:41,496 | INFO | Method: GET     | Path: /tasks/                   | Status: 500 | Duration: 0.0026s
2025-12-22 05:38:41,553 | INFO | Method: GET     | Path: /tasks                    | Status: 307 | Duration: 0.0003s
2025-12-22 05:38:41,565 | INFO | Method: GET     | Path: /tasks/                   | Status: 500 | Duration: 0.0041s
2025-12-22 05:38:41,620 | INFO | Method: GET     | Path: /tasks                    | Status: 307 | Duration: 0.0004s
2025-12-22 05:38:41,628 | INFO | Method: GET     | Path: /tasks/                   | Status: 500 | Duration: 0.0017s
2025-12-22 05:38:41,687 | INFO | Method: GET     | Path: /tasks                    | Status: 307 | Duration: 0.0007s
2025-12-22 05:38:41,700 | INFO | Method: GET     | Path: /tasks/                   | Status: 500 | Duration: 0.0029s
2025-12-22 05:38:41,768 | INFO | Method: GET     | Path: /tasks                    | Status: 307 | Duration: 0.0003s
2025-12-22 05:38:41,777 | INFO | Method: GET     | Path: /tasks/                   | Status: 500 | Duration: 0.0019s
2025-12-22 05:38:41,854 | INFO | Method: GET     | Path: /tasks                    | Status: 307 | Duration: 0.0004s
2025-12-22 05:38:41,863 | INFO | Method: GET     | Path: /tasks/                   | Status: 500 | Duration: 0.0017s
2025-12-22 05:38:41,924 | INFO | Method: GET     | Path: /tasks                    | Status: 307 | Duration: 0.0005s
2025-12-22 05:38:41,935 | INFO | Method: GET     | Path: /tasks/                   | Status: 500 | Duration: 0.0029s
2025-12-22 05:38:42,003 | INFO | Method: GET     | Path: /tasks                    | Status: 307 | Duration: 0.0007s
2025-12-22 05:38:42,013 | INFO | Method: GET     | Path: /tasks/                   | Status: 500 | Duration: 0.0026s
2025-12-22 05:38:42,070 | INFO | Method: GET     | Path: /tasks                    | Status: 307 | Duration: 0.0007s
2025-12-22 05:38:42,081 | INFO | Method: GET     | Path: /tasks/                   | Status: 500 | Duration: 0.0022s
2025-12-22 05:38:42,137 | INFO | Method: GET     | Path: /tasks                    | Status: 307 | Duration: 0.0005s
2025-12-22 05:38:42,147 | INFO | Method: GET     | Path: /tasks/                   | Status: 500 | Duration: 0.0026s
2025-12-22 05:38:42,205 | INFO | Method: GET     | Path: /tasks                    | Status: 307 | Duration: 0.0007s
2025-12-22 05:38:42,219 | INFO | Method: GET     | Path: /tasks/                   | Status: 500 | Duration: 0.0032s
2025-12-22 05:38:42,288 | INFO | Method: GET     | Path: /tasks                    | Status: 307 | Duration: 0.0005s
2025-12-22 05:38:42,305 | INFO | Method: GET     | Path: /tasks/                   | Status: 500 | Duration: 0.0023s
2025-12-22 05:38:42,372 | INFO | Method: GET     | Path: /tasks                    | Status: 307 | Duration: 0.0008s
2025-12-22 05:38:42,389 | INFO | Method: GET     | Path: /tasks/                   | Status: 500 | Duration: 0.0024s
2025-12-22 05:38:42,455 | INFO | Method: GET     | Path: /tasks                    | Status: 307 | Duration: 0.0005s
2025-12-22 05:38:42,470 | INFO | Method: GET     | Path: /tasks/                   | Status: 500 | Duration: 0.0036s
2025-12-22 05:38:42,536 | INFO | Method: GET     | Path: /tasks                    | Status: 307 | Duration: 0.0004s
2025-12-22 05:38:42,545 | INFO | Method: GET     | Path: /tasks/                   | Status: 500 | Duration: 0.0018s
2025-12-22 05:38:42,604 | INFO | Method: GET     | Path: /tasks                    | Status: 307 | Duration: 0.0004s
2025-12-22 05:38:42,614 | INFO | Method: GET     | Path: /tasks/                   | Status: 500 | Duration: 0.0025s
2025-12-22 05:38:42,689 | INFO | Method: GET     | Path: /tasks                    | Status: 307 | Duration: 0.0009s
2025-12-22 05:38:42,705 | INFO | Method: GET     | Path: /tasks/                   | Status: 500 | Duration: 0.0033s
2025-12-22 05:38:42,770 | INFO | Method: GET     | Path: /tasks                    | Status: 307 | Duration: 0.0008s
2025-12-22 05:38:42,784 | INFO | Method: GET     | Path: /tasks/                   | Status: 500 | Duration: 0.0047s
2025-12-22 05:38:42,855 | INFO | Method: GET     | Path: /tasks                    | Status: 307 | Duration: 0.0003s
2025-12-22 05:38:42,865 | INFO | Method: GET     | Path: /tasks/                   | Status: 500 | Duration: 0.0034s
2025-12-22 05:38:42,925 | INFO | Method: GET     | Path: /tasks                    | Status: 307 | Duration: 0.0015s
2025-12-22 05:38:42,942 | INFO | Method: GET     | Path: /tasks/                   | Status: 500 | Duration: 0.0030s
2025-12-22 05:38:43,002 | INFO | Method: GET     | Path: /tasks                    | Status: 307 | Duration: 0.0005s
2025-12-22 05:38:43,011 | INFO | Method: GET     | Path: /tasks/                   | Status: 500 | Duration: 0.0020s
2025-12-22 05:38:43,069 | INFO | Method: GET     | Path: /tasks                    | Status: 307 | Duration: 0.0005s
2025-12-22 05:38:43,080 | INFO | Method: GET     | Path: /tasks/                   | Status: 500 | Duration: 0.0028s
2025-12-22 05:38:43,152 | INFO | Method: GET     | Path: /tasks                    | Status: 307 | Duration: 0.0008s
2025-12-22 05:38:43,170 | INFO | Method: GET     | Path: /tasks/                   | Status: 500 | Duration: 0.0035s
2025-12-22 05:38:43,237 | INFO | Method: GET     | Path: /tasks                    | Status: 307 | Duration: 0.0008s
2025-12-22 05:38:43,249 | INFO | Method: GET     | Path: /tasks/                   | Status: 500 | Duration: 0.0038s
2025-12-22 05:38:43,305 | INFO | Method: GET     | Path: /tasks                    | Status: 307 | Duration: 0.0003s
2025-12-22 05:38:43,314 | INFO | Method: GET     | Path: /tasks/                   | Status: 500 | Duration: 0.0029s
2025-12-22 05:38:43,368 | INFO | Method: GET     | Path: /tasks                    | Status: 307 | Duration: 0.0005s
2025-12-22 05:38:43,377 | INFO | Method: GET     | Path: /tasks/                   | Status: 500 | Duration: 0.0021s
2025-12-22 05:38:43,437 | INFO | Method: GET     | Path: /tasks                    | Status: 307 | Duration: 0.0005s
2025-12-22 05:38:43,452 | INFO | Method: GET     | Path: /tasks/                   | Status: 500 | Duration: 0.0033s
2025-12-22 05:38:43,513 | INFO | Method: GET     | Path: /tasks                    | Status: 307 | Duration: 0.0008s
2025-12-22 05:38:43,528 | INFO | Method: GET     | Path: /tasks/                   | Status: 500 | Duration: 0.0025s
2025-12-22 05:38:43,586 | INFO | Method: GET     | Path: /tasks                    | Status: 307 | Duration: 0.0006s
2025-12-22 05:38:43,595 | INFO | Method: GET     | Path: /tasks/                   | Status: 500 | Duration: 0.0021s
2025-12-22 05:38:43,653 | INFO | Method: GET     | Path: /tasks                    | Status: 307 | Duration: 0.0005s
2025-12-22 05:38:43,666 | INFO | Method: GET     | Path: /tasks/                   | Status: 500 | Duration: 0.0047s
2025-12-22 05:38:43,729 | INFO | Method: GET     | Path: /tasks                    | Status: 307 | Duration: 0.0008s
2025-12-22 05:38:43,741 | INFO | Method: GET     | Path: /tasks/                   | Status: 500 | Duration: 0.0029s
2025-12-22 05:38:43,802 | INFO | Method: GET     | Path: /tasks                    | Status: 307 | Duration: 0.0006s
2025-12-22 05:38:43,814 | INFO | Method: GET     | Path: /tasks/                   | Status: 500 | Duration: 0.0029s
2025-12-22 05:38:43,884 | INFO | Method: GET     | Path: /tasks                    | Status: 307 | Duration: 0.0006s
2025-12-22 05:38:43,895 | INFO | Method: GET     | Path: /tasks/                   | Status: 500 | Duration: 0.0024s
2025-12-22 05:38:43,952 | INFO | Method: GET     | Path: /tasks                    | Status: 307 | Duration: 0.0005s
2025-12-22 05:38:43,968 | INFO | Method: GET     | Path: /tasks/                   | Status: 500 | Duration: 0.0046s
2025-12-22 05:38:44,033 | INFO | Method: GET     | Path: /tasks                    | Status: 307 | Duration: 0.0004s
2025-12-22 05:38:44,043 | INFO | Method: GET     | Path: /tasks/                   | Status: 500 | Duration: 0.0020s
2025-12-22 05:38:44,104 | INFO | Method: GET     | Path: /tasks                    | Status: 307 | Duration: 0.0008s
2025-12-22 05:38:44,120 | INFO | Method: GET     | Path: /tasks/                   | Status: 500 | Duration: 0.0027s
2025-12-22 05:38:44,188 | INFO | Method: GET     | Path: /tasks                    | Status: 307 | Duration: 0.0006s
2025-12-22 05:38:44,205 | INFO | Method: GET     | Path: /tasks/                   | Status: 500 | Duration: 0.0029s
2025-12-22 05:38:44,258 | INFO | Method: GET     | Path: /tasks                    | Status: 307 | Duration: 0.0007s
2025-12-22 05:38:44,266 | INFO | Method: GET     | Path: /tasks                    | Status: 307 | Duration: 0.0033s
2025-12-22 05:38:44,269 | INFO | Method: GET     | Path: /tasks/                   | Status: 500 | Duration: 0.0054s
2025-12-22 05:38:44,272 | INFO | Method: GET     | Path: /tasks/                   | Status: 500 | Duration: 0.0021s
2025-12-22 05:38:44,561 | INFO | Method: POST    | Path: /plans/                   | Status: 200 | Duration: 0.3175s
2025-12-22 05:38:44,562 | INFO | Method: POST    | Path: /plans/                   | Status: 200 | Duration: 0.3061s
